// Jest Snapshot v1, https://goo.gl/fbAQLP

exports[`Probando componente GifItem Prueba de snapshot 1`] = `
<div>
  <div
    class="card"
  >
    <img
      alt="title"
      src="url"
    />
    <p>
      title
    </p>
  </div>
</div>
`;
